<html>
<body>
<pre>
<h1>µVision Build Log</h1>
<h2>Tool Versions:</h2>
IDE-Version: µVision V5.39.0.0
Copyright (C) 2023 ARM Ltd and ARM Germany GmbH. All rights reserved.
License Information: pragnesh papaniya , HP Inc., LIC=----
 
Tool Versions:
Toolchain:       MDK-Lite  Version: 5.39.0.0
Toolchain Path:  C:\Keil_v5\ARM\ARMCLANG\Bin
C Compiler:      ArmClang.exe V6.21
Assembler:       Armasm.exe V6.21
Linker/Locator:  ArmLink.exe V6.21
Library Manager: ArmAr.exe V6.21
Hex Converter:   FromElf.exe V6.21
CPU DLL:         SARMCM3.DLL V5.39.0.0
Dialog DLL:      DCM.DLL V1.17.5.0
Target DLL:      UL2CM3.DLL V1.164.9.0
Dialog DLL:      TCM.DLL V1.56.4.0
 
<h2>Project:</h2>
C:\Users\pragn\OneDrive\Desktop\GitHub\STM32F103C8T6-bluepill-_projects\projects\STM32_UART_bridge\STM32_UART_bridge.uvprojx
Project File Date:  05/28/2024

<h2>Output:</h2>
*** Using Compiler 'V6.21', folder: 'C:\Keil_v5\ARM\ARMCLANG\Bin'
Rebuild target 'Target 1'
RTE/Device/STM32F103C8/system_stm32f10x.c(64): warning: In file included from...
C:/Keil_v5/ARM/PACK/Keil/STM32F1xx_DFP/2.4.1/Device/Include\stm32f10x.h(18): warning: invalid UTF-8 in comment [-Winvalid-utf8]
   18 |   *              - To use or not the peripheral<92>s drivers in application code(i.e. 
      |                                                ^
C:/Keil_v5/ARM/PACK/Keil/STM32F1xx_DFP/2.4.1/Device/Include\stm32f10x.h(19): warning: invalid UTF-8 in comment [-Winvalid-utf8]
   19 |   *                code will be based on direct access to peripheral<92>s registers 
      |                                                                     ^
C:/Keil_v5/ARM/PACK/Keil/STM32F1xx_DFP/2.4.1/Device/Include\stm32f10x.h(26): warning: invalid UTF-8 in comment [-Winvalid-utf8]
   26 |   *           - Macros to access peripheral<92>s registers hardware
      |                                            ^
RTE/Device/STM32F103C8/system_stm32f10x.c(166): warning: no previous extern declaration for non-static variable 'AHBPrescTable' [-Wmissing-variable-declarations]
  166 | __I uint8_t AHBPrescTable[16] = {0, 0, 0, 0, 0, 0, 0, 0, 1, 2, 3, 4, 6, 7, 8, 9};
      |             ^
RTE/Device/STM32F103C8/system_stm32f10x.c(166): note: declare 'static' if the variable is not intended to be used outside of this translation unit
  166 | __I uint8_t AHBPrescTable[16] = {0, 0, 0, 0, 0, 0, 0, 0, 1, 2, 3, 4, 6, 7, 8, 9};
      |     ^
RTE/Device/STM32F103C8/system_stm32f10x.c(408): warning: unsafe buffer access [-Wunsafe-buffer-usage]
  408 |   tmp = AHBPrescTable[((RCC->CFGR & RCC_CFGR_HPRE) >> 4)];
      |         ^~~~~~~~~~~~~
5 warnings generated.
compiling system_stm32f10x.c...
assembling startup_stm32f10x_md.s...
gp_drive.c(10): warning: In file included from...
C:/Keil_v5/ARM/PACK/Keil/STM32F1xx_DFP/2.4.1/Device/Include\stm32f10x.h(18): warning: invalid UTF-8 in comment [-Winvalid-utf8]
   18 |   *              - To use or not the peripheral<92>s drivers in application code(i.e. 
      |                                                ^
C:/Keil_v5/ARM/PACK/Keil/STM32F1xx_DFP/2.4.1/Device/Include\stm32f10x.h(19): warning: invalid UTF-8 in comment [-Winvalid-utf8]
   19 |   *                code will be based on direct access to peripheral<92>s registers 
      |                                                                     ^
C:/Keil_v5/ARM/PACK/Keil/STM32F1xx_DFP/2.4.1/Device/Include\stm32f10x.h(26): warning: invalid UTF-8 in comment [-Winvalid-utf8]
   26 |   *           - Macros to access peripheral<92>s registers hardware
      |                                            ^
gp_drive.c(44): warning: implicit conversion changes signedness: 'int' to 'unsigned long' [-Wsign-conversion]
   44 |         *CR &= ~(0xf<<(tPin)*4);
      |             ~~ ^~~~~~~~~~~~~~~~
gp_drive.c(45): warning: implicit conversion changes signedness: 'int' to 'unsigned long' [-Wsign-conversion]
   45 |         *CR |= ((DIR<<(tPin*4)) | (OPT<<(tPin*4+2)));
      |             ~~  ~~~~~~~~~~~~~~~~^~~~~~~~~~~~~~~~~~~
gp_drive.c(38): warning: variable 'CR' is used uninitialized whenever 'if' condition is false [-Wsometimes-uninitialized]
   38 |         else if(PORT == 3)
      |                 ^~~~~~~~~
gp_drive.c(44): note: uninitialized use occurs here
   44 |         *CR &= ~(0xf<<(tPin)*4);
      |          ^~
gp_drive.c(38): note: remove the 'if' if its condition is always true
   38 |         else if(PORT == 3)
      |              ^~~~~~~~~~~~~
   39 |                 {
gp_drive.c(16): note: initialize the variable 'CR' to silence this warning
   16 |         volatile unsigned long * CR;
      |                                    ^
      |                                     = 0
gp_drive.c(66): warning: implicit conversion changes signedness: 'unsigned long' to 'int' [-Wsign-conversion]
   66 |                 state =  ((*IDR & (1<<pin))>>pin)  ;
      |                       ~   ~~~~~~~~~~~~~~~~~^~~~~
gp_drive.c(62): warning: variable 'IDR' is used uninitialized whenever 'if' condition is false [-Wsometimes-uninitialized]
   62 |         else if(PORT == 3)
      |                 ^~~~~~~~~
gp_drive.c(66): note: uninitialized use occurs here
   66 |                 state =  ((*IDR & (1<<pin))>>pin)  ;
      |                             ^~~
gp_drive.c(62): note: remove the 'if' if its condition is always true
   62 |         else if(PORT == 3)
      |              ^~~~~~~~~~~~~
   63 |                 {
gp_drive.c(50): note: initialize the variable 'IDR' to silence this warning
   50 |         volatile unsigned long * IDR;
      |                                     ^
      |                                      = 0
gp_drive.c(87): warning: implicit conversion changes signedness: 'int' to 'unsigned long' [-Wsign-conversion]
   87 |         STATUS ? (*ODR |= (STATUS<<pin)) : (*ODR &= ~(1<<pin));
      |                        ~~  ~~~~~~^~~~~
gp_drive.c(87): warning: variable 'ODR' may be uninitialized when used here [-Wconditional-uninitialized]
   87 |         STATUS ? (*ODR |= (STATUS<<pin)) : (*ODR &= ~(1<<pin));
      |                    ^~~
gp_drive.c(73): note: initialize the variable 'ODR' to silence this warning
   73 |         volatile unsigned long * ODR;
      |                                     ^
      |                                      = 0
gp_drive.c(108): warning: implicit conversion changes signedness: 'int' to 'uint32_t' (aka 'unsigned int') [-Wsign-conversion]
  108 |         STATUS ? (GPIOC->ODR |= (STATUS<<pin)) : (GPIOC->ODR &= ~(1<<pin));
      |                              ~~  ~~~~~~^~~~~
gp_drive.c(31): warning: unsafe pointer arithmetic [-Wunsafe-buffer-usage]
   31 |                         CR = (volatile unsigned long *)(&GPIO_A + offset);
      |                                                         ^~~~~~~
gp_drive.c(36): warning: unsafe pointer arithmetic [-Wunsafe-buffer-usage]
   36 |                 CR = (volatile unsigned long *)(&GPIO_B+ offset);
      |                                                 ^~~~~~~
gp_drive.c(41): warning: unsafe pointer arithmetic [-Wunsafe-buffer-usage]
   41 |                 CR = (volatile unsigned long *)(&GPIO_C + offset);
      |                                                 ^~~~~~~
gp_drive.c(56): warning: unsafe pointer arithmetic [-Wunsafe-buffer-usage]
   56 |                         IDR = (volatile unsigned long *)(&GPIO_A + offset);
      |                                                          ^~~~~~~
gp_drive.c(60): warning: unsafe pointer arithmetic [-Wunsafe-buffer-usage]
   60 |                 IDR = (volatile unsigned long *)(&GPIO_B+ offset);
      |                                                  ^~~~~~~
gp_drive.c(64): warning: unsafe pointer arithmetic [-Wunsafe-buffer-usage]
   64 |                 IDR = (volatile unsigned long *)(&GPIO_C+ offset);
      |                                                  ^~~~~~~
gp_drive.c(77): warning: unsafe pointer arithmetic [-Wunsafe-buffer-usage]
   77 |                         ODR = (volatile unsigned long *)(&GPIO_A + offset);
      |                                                          ^~~~~~~
gp_drive.c(81): warning: unsafe pointer arithmetic [-Wunsafe-buffer-usage]
   81 |                 ODR = (volatile unsigned long *)(&GPIO_B+ offset);
      |                                                  ^~~~~~~
gp_drive.c(85): warning: unsafe pointer arithmetic [-Wunsafe-buffer-usage]
   85 |                 ODR = (volatile unsigned long *)(&GPIO_C+ offset);
      |                                                  ^~~~~~~
20 warnings generated.
compiling gp_drive.c...
systick_time.c(1): warning: In file included from...
C:/Keil_v5/ARM/PACK/Keil/STM32F1xx_DFP/2.4.1/Device/Include\stm32f10x.h(18): warning: invalid UTF-8 in comment [-Winvalid-utf8]
   18 |   *              - To use or not the peripheral<92>s drivers in application code(i.e. 
      |                                                ^
C:/Keil_v5/ARM/PACK/Keil/STM32F1xx_DFP/2.4.1/Device/Include\stm32f10x.h(19): warning: invalid UTF-8 in comment [-Winvalid-utf8]
   19 |   *                code will be based on direct access to peripheral<92>s registers 
      |                                                                     ^
C:/Keil_v5/ARM/PACK/Keil/STM32F1xx_DFP/2.4.1/Device/Include\stm32f10x.h(26): warning: invalid UTF-8 in comment [-Winvalid-utf8]
   26 |   *           - Macros to access peripheral<92>s registers hardware
      |                                            ^
systick_time.c(12): warning: no previous prototype for function 'DelayMillis' [-Wmissing-prototypes]
   12 | void DelayMillis(void)
      |      ^
systick_time.c(12): note: declare 'static' if the function is not intended to be used outside of this translation unit
   12 | void DelayMillis(void)
      | ^
      | static 
4 warnings generated.
compiling systick_time.c...
main.c(1): warning: In file included from...
C:/Keil_v5/ARM/PACK/Keil/STM32F1xx_DFP/2.4.1/Device/Include\stm32f10x.h(18): warning: invalid UTF-8 in comment [-Winvalid-utf8]
   18 |   *              - To use or not the peripheral<92>s drivers in application code(i.e. 
      |                                                ^
C:/Keil_v5/ARM/PACK/Keil/STM32F1xx_DFP/2.4.1/Device/Include\stm32f10x.h(19): warning: invalid UTF-8 in comment [-Winvalid-utf8]
   19 |   *                code will be based on direct access to peripheral<92>s registers 
      |                                                                     ^
C:/Keil_v5/ARM/PACK/Keil/STM32F1xx_DFP/2.4.1/Device/Include\stm32f10x.h(26): warning: invalid UTF-8 in comment [-Winvalid-utf8]
   26 |   *           - Macros to access peripheral<92>s registers hardware
      |                                            ^
main.c(7): warning: no previous extern declaration for non-static variable 'USART_1_cnt' [-Wmissing-variable-declarations]
    7 | unsigned short USART_1_cnt = 0;
      |                ^
main.c(7): note: declare 'static' if the variable is not intended to be used outside of this translation unit
    7 | unsigned short USART_1_cnt = 0;
      | ^
main.c(8): warning: no previous extern declaration for non-static variable 'USART_1_sig' [-Wmissing-variable-declarations]
    8 | unsigned short USART_1_sig = 0;
      |                ^
main.c(8): note: declare 'static' if the variable is not intended to be used outside of this translation unit
    8 | unsigned short USART_1_sig = 0;
      | ^
main.c(9): warning: no previous extern declaration for non-static variable 'USART_1_bdg' [-Wmissing-variable-declarations]
    9 | unsigned short USART_1_bdg = 0;
      |                ^
main.c(9): note: declare 'static' if the variable is not intended to be used outside of this translation unit
    9 | unsigned short USART_1_bdg = 0;
      | ^
main.c(12): warning: no previous extern declaration for non-static variable 'USART_2_cnt' [-Wmissing-variable-declarations]
   12 | unsigned short USART_2_cnt = 0;
      |                ^
main.c(12): note: declare 'static' if the variable is not intended to be used outside of this translation unit
   12 | unsigned short USART_2_cnt = 0;
      | ^
main.c(13): warning: no previous extern declaration for non-static variable 'USART_2_sig' [-Wmissing-variable-declarations]
   13 | unsigned short USART_2_sig = 0;
      |                ^
main.c(13): note: declare 'static' if the variable is not intended to be used outside of this translation unit
   13 | unsigned short USART_2_sig = 0;
      | ^
main.c(14): warning: no previous extern declaration for non-static variable 'USART_2_bdg' [-Wmissing-variable-declarations]
   14 | unsigned short USART_2_bdg = 0;
      |                ^
main.c(14): note: declare 'static' if the variable is not intended to be used outside of this translation unit
   14 | unsigned short USART_2_bdg = 0;
      | ^
main.c(17): warning: no previous extern declaration for non-static variable 'USART_3_cnt' [-Wmissing-variable-declarations]
   17 | unsigned short USART_3_cnt = 0;
      |                ^
main.c(17): note: declare 'static' if the variable is not intended to be used outside of this translation unit
   17 | unsigned short USART_3_cnt = 0;
      | ^
main.c(18): warning: no previous extern declaration for non-static variable 'USART_3_sig' [-Wmissing-variable-declarations]
   18 | unsigned short USART_3_sig = 0;
      |                ^
main.c(18): note: declare 'static' if the variable is not intended to be used outside of this translation unit
   18 | unsigned short USART_3_sig = 0;
      | ^
main.c(19): warning: no previous extern declaration for non-static variable 'USART_3_bdg' [-Wmissing-variable-declarations]
   19 | unsigned short USART_3_bdg = 0;
      |                ^
main.c(19): note: declare 'static' if the variable is not intended to be used outside of this translation unit
   19 | unsigned short USART_3_bdg = 0;
      | ^
main.c(49): warning: a function declaration without a prototype is deprecated in all versions of C [-Wstrict-prototypes]
   49 | void USART2_IRQHandler()
      |                       ^
      |                        void
main.c(49): warning: no previous prototype for function 'USART2_IRQHandler' [-Wmissing-prototypes]
   49 | void USART2_IRQHandler()
      |      ^
main.c(49): note: declare 'static' if the function is not intended to be used outside of this translation unit
   49 | void USART2_IRQHandler()
      | ^
      | static 
main.c(55): warning: a function declaration without a prototype is deprecated in all versions of C [-Wstrict-prototypes]
   55 | void USART3_IRQHandler()
      |                       ^
      |                        void
main.c(55): warning: no previous prototype for function 'USART3_IRQHandler' [-Wmissing-prototypes]
   55 | void USART3_IRQHandler()
      |      ^
main.c(55): note: declare 'static' if the function is not intended to be used outside of this translation unit
   55 | void USART3_IRQHandler()
      | ^
      | static 
main.c(6): warning: no previous extern declaration for non-static variable 'USART_1_msg' [-Wmissing-variable-declarations]
    6 | char USART_1_msg[250];
      |      ^
main.c(6): note: declare 'static' if the variable is not intended to be used outside of this translation unit
    6 | char USART_1_msg[250];
      | ^
main.c(11): warning: no previous extern declaration for non-static variable 'USART_2_msg' [-Wmissing-variable-declarations]
   11 | char USART_2_msg[250];
      |      ^
main.c(11): note: declare 'static' if the variable is not intended to be used outside of this translation unit
   11 | char USART_2_msg[250];
      | ^
main.c(16): warning: no previous extern declaration for non-static variable 'USART_3_msg' [-Wmissing-variable-declarations]
   16 | char USART_3_msg[250];
      |      ^
main.c(16): note: declare 'static' if the variable is not intended to be used outside of this translation unit
   16 | char USART_3_msg[250];
      | ^
19 warnings generated.
compiling main.c...
uart_drive.c(1): warning: In file included from...
./uart_drive.h(1): warning: In file included from...
C:/Keil_v5/ARM/PACK/Keil/STM32F1xx_DFP/2.4.1/Device/Include\stm32f10x.h(18): warning: invalid UTF-8 in comment [-Winvalid-utf8]
   18 |   *              - To use or not the peripheral<92>s drivers in application code(i.e. 
      |                                                ^
C:/Keil_v5/ARM/PACK/Keil/STM32F1xx_DFP/2.4.1/Device/Include\stm32f10x.h(19): warning: invalid UTF-8 in comment [-Winvalid-utf8]
   19 |   *                code will be based on direct access to peripheral<92>s registers 
      |                                                                     ^
C:/Keil_v5/ARM/PACK/Keil/STM32F1xx_DFP/2.4.1/Device/Include\stm32f10x.h(26): warning: invalid UTF-8 in comment [-Winvalid-utf8]
   26 |   *           - Macros to access peripheral<92>s registers hardware
      |                                            ^
uart_drive.c(25): warning: implicit conversion loses integer precision: 'unsigned long' to 'uint16_t' (aka 'unsigned short') [-Wimplicit-int-conversion]
   25 |         USART1->BRR = BRR_Cal; 
      |                     ~ ^~~~~~~
uart_drive.c(42): warning: implicit conversion loses integer precision: 'unsigned long' to 'uint16_t' (aka 'unsigned short') [-Wimplicit-int-conversion]
   42 |         USART2->BRR = BRR_Cal; 
      |                     ~ ^~~~~~~
uart_drive.c(60): warning: implicit conversion loses integer precision: 'unsigned long' to 'uint16_t' (aka 'unsigned short') [-Wimplicit-int-conversion]
   60 |         USART3->BRR = BRR_Cal; 
      |                     ~ ^~~~~~~
uart_drive.c(85): warning: implicit conversion turns floating-point number into integer: 'double' to 'unsigned long' [-Wfloat-conversion]
   85 |         dec = frac;
      |             ~ ^~~~
uart_drive.c(111): warning: empty expression statement has no effect; remove unnecessary ';' to silence this warning [-Wextra-semi-stmt]
  111 |                 {};
      |                   ^
uart_drive.c(112): warning: implicit conversion loses integer precision: 'volatile uint16_t' (aka 'volatile unsigned short') to 'char' [-Wimplicit-int-conversion]
  112 |                 c = USART1->DR;
      |                   ~ ~~~~~~~~^~
uart_drive.c(117): warning: empty expression statement has no effect; remove unnecessary ';' to silence this warning [-Wextra-semi-stmt]
  117 |                 {};
      |                   ^
uart_drive.c(118): warning: implicit conversion loses integer precision: 'volatile uint16_t' (aka 'volatile unsigned short') to 'char' [-Wimplicit-int-conversion]
  118 |                 c = USART2->DR;
      |                   ~ ~~~~~~~~^~
uart_drive.c(123): warning: empty expression statement has no effect; remove unnecessary ';' to silence this warning [-Wextra-semi-stmt]
  123 |                 {};
      |                   ^
uart_drive.c(124): warning: implicit conversion loses integer precision: 'volatile uint16_t' (aka 'volatile unsigned short') to 'char' [-Wimplicit-int-conversion]
  124 |                 c = USART3->DR;
      |                   ~ ~~~~~~~~^~
uart_drive.c(126): warning: variable 'c' may be uninitialized when used here [-Wconditional-uninitialized]
  126 |                 return c;
      |                        ^
uart_drive.c(107): note: initialize the variable 'c' to silence this warning
  107 |         char c;
      |               ^
      |                = '\0'
uart_drive.c(133): warning: result of comparison of 7-bit unsigned value == 128 is always false [-Wtautological-value-range-compare]
  133 |                         while((USART1->SR & (1<<6)) == 0x80)
      |                               ~~~~~~~~~~~~~~~~~~~~~ ^  ~~~~
uart_drive.c(134): warning: empty expression statement has no effect; remove unnecessary ';' to silence this warning [-Wextra-semi-stmt]
  134 |                         {};
      |                           ^
uart_drive.c(139): warning: result of comparison of 7-bit unsigned value == 128 is always false [-Wtautological-value-range-compare]
  139 |                         while((USART2->SR & (1<<6)) == 0x80)
      |                               ~~~~~~~~~~~~~~~~~~~~~ ^  ~~~~
uart_drive.c(140): warning: empty expression statement has no effect; remove unnecessary ';' to silence this warning [-Wextra-semi-stmt]
  140 |                         {};
      |                           ^
uart_drive.c(145): warning: result of comparison of 7-bit unsigned value == 128 is always false [-Wtautological-value-range-compare]
  145 |                         while((USART3->SR & (1<<6)) == 0x80)
      |                               ~~~~~~~~~~~~~~~~~~~~~ ^  ~~~~
uart_drive.c(146): warning: empty expression statement has no effect; remove unnecessary ';' to silence this warning [-Wextra-semi-stmt]
  146 |                         {};
      |                           ^
uart_drive.c(161): warning: unsafe buffer access [-Wunsafe-buffer-usage]
  161 |                         str[*counter] = UART_RX(uart);
      |                         ^~~
uart_drive.c(162): warning: unsafe buffer access [-Wunsafe-buffer-usage]
  162 |                         if(str[*counter] == '\n')
      |                            ^~~
uart_drive.c(181): warning: unsafe buffer access [-Wunsafe-buffer-usage]
  181 |         while(str[i] != '\0')
      |               ^~~
uart_drive.c(183): warning: unsafe buffer access [-Wunsafe-buffer-usage]
  183 |                 UART_TX(uart,str[i]);
      |                              ^~~
uart_drive.c(192): warning: unsafe buffer access [-Wunsafe-buffer-usage]
  192 |         while(str[i] != '\0')
      |               ^~~
uart_drive.c(194): warning: unsafe buffer access [-Wunsafe-buffer-usage]
  194 |                 str[i] = '\0';
      |                 ^~~
26 warnings generated.
compiling uart_drive.c...
linking...
Program Size: Code=5312 RO-data=284 RW-data=0 ZI-data=2144  
".\Objects\STM32_UART_bridge.axf" - 0 Error(s), 74 Warning(s).

<h2>Software Packages used:</h2>

Package Vendor: ARM
                https://www.keil.com/pack/ARM.CMSIS.6.0.0.pack
                ARM::CMSIS@6.0.0
                CMSIS (Common Microcontroller Software Interface Standard)
   * Component: CORE Version: 6.0.0

Package Vendor: Keil
                https://www.keil.com/pack/Keil.STM32F1xx_DFP.2.4.1.pack
                Keil::STM32F1xx_DFP@2.4.1
                STMicroelectronics STM32F1 Series Device Support, Drivers and Examples
   * Component: Startup Version: 1.0.0

<h2>Collection of Component include folders:</h2>
  ./RTE/Device/STM32F103C8
  ./RTE/_Target_1
  C:/Keil_v5/ARM/PACK/ARM/CMSIS/6.0.0/CMSIS/Core/Include
  C:/Keil_v5/ARM/PACK/Keil/STM32F1xx_DFP/2.4.1/Device/Include

<h2>Collection of Component Files used:</h2>

   * Component: ARM::CMSIS:CORE@6.0.0

   * Component: Keil::Device:Startup@1.0.0
      Source file:   Device/Source/ARM/startup_stm32f10x_md.s
      Include file:  RTE_Driver/Config/RTE_Device.h
      Source file:   Device/Source/ARM/STM32F1xx_OPT.s
      Source file:   Device/Source/system_stm32f10x.c
Build Time Elapsed:  00:00:01
</pre>
</body>
</html>
