<html>
<body>
<pre>
<h1>µVision Build Log</h1>
<h2>Tool Versions:</h2>
IDE-Version: µVision V5.39.0.0
Copyright (C) 2023 ARM Ltd and ARM Germany GmbH. All rights reserved.
License Information: pragnesh papaniya , HP Inc., LIC=----
 
Tool Versions:
Toolchain:       MDK-Lite  Version: 5.39.0.0
Toolchain Path:  C:\Keil_v5\ARM\ARMCLANG\Bin
C Compiler:      ArmClang.exe V6.21
Assembler:       Armasm.exe V6.21
Linker/Locator:  ArmLink.exe V6.21
Library Manager: ArmAr.exe V6.21
Hex Converter:   FromElf.exe V6.21
CPU DLL:         SARMCM3.DLL V5.39.0.0
Dialog DLL:      DARMSTM.DLL V1.69.1.0
Target DLL:      STLink\ST-LINKIII-KEIL_SWO.dll V3.2.0.0
Dialog DLL:      TCM.DLL V1.56.4.0
 
<h2>Project:</h2>
C:\Users\pragn\OneDrive\Desktop\GitHub\STM32F103C8T6-bluepill-_projects\learning_code\uart\uart.uvprojx
Project File Date:  05/28/2024

<h2>Output:</h2>
*** Using Compiler 'V6.21', folder: 'C:\Keil_v5\ARM\ARMCLANG\Bin'
Rebuild target 'Target 1'
assembling startup_stm32f10x_md.s...
GPIO.c(1): warning: In file included from...
./GPIO.h(42): warning: no newline at end of file [-Wnewline-eof]
   42 | void toggle_GP(unsigned short port, unsigned short pin);
      |                                                         ^
GPIO.c(31): warning: implicit conversion changes signedness: 'int' to 'unsigned long' [-Wsign-conversion]
   31 |                 *CR &= ~(0xf<<(tPIN)*4); ///Reset the taget pin
      |                     ~~ ^~~~~~~~~~~~~~~~
GPIO.c(32): warning: implicit conversion changes signedness: 'int' to 'unsigned long' [-Wsign-conversion]
   32 |                 *CR |= ((dir <<(tPIN*4)) | (opt<<(tPIN*4+2))); //// Set up the direction and the option of the PIN
      |                     ~~  ~~~~~~~~~~~~~~~~~^~~~~~~~~~~~~~~~~~~
GPIO.c(25): warning: variable 'CR' is used uninitialized whenever 'if' condition is false [-Wsometimes-uninitialized]
   25 |         else if(port == 3)
      |                 ^~~~~~~~~
GPIO.c(31): note: uninitialized use occurs here
   31 |                 *CR &= ~(0xf<<(tPIN)*4); ///Reset the taget pin
      |                  ^~
GPIO.c(25): note: remove the 'if' if its condition is always true
   25 |         else if(port == 3)
      |              ^~~~~~~~~~~~~
   26 |                 {
GPIO.c(5): note: initialize the variable 'CR' to silence this warning
    5 |  volatile unsigned long * CR;
      |                             ^
      |                              = 0
GPIO.c(53): warning: implicit conversion changes signedness: 'unsigned long' to 'int' [-Wsign-conversion]
   53 |         state = ((*IDR & (1<<pin))>>pin);
      |               ~  ~~~~~~~~~~~~~~~~~^~~~~
GPIO.c(49): warning: variable 'IDR' is used uninitialized whenever 'if' condition is false [-Wsometimes-uninitialized]
   49 |         else if(port == 3)
      |                 ^~~~~~~~~
GPIO.c(53): note: uninitialized use occurs here
   53 |         state = ((*IDR & (1<<pin))>>pin);
      |                    ^~~
GPIO.c(49): note: remove the 'if' if its condition is always true
   49 |         else if(port == 3)
      |              ^~~~~~~~~~~~~
   50 |         {
GPIO.c(37): note: initialize the variable 'IDR' to silence this warning
   37 |         volatile unsigned long * IDR;
      |                                     ^
      |                                      = 0
GPIO.c(75): warning: implicit conversion changes signedness: 'int' to 'unsigned long' [-Wsign-conversion]
   75 |         state ? (*ODR |= (state<<pin)) : (*ODR &= ~(1<<pin));
      |                       ~~  ~~~~~^~~~~
GPIO.c(75): warning: variable 'ODR' may be uninitialized when used here [-Wconditional-uninitialized]
   75 |         state ? (*ODR |= (state<<pin)) : (*ODR &= ~(1<<pin));
      |                   ^~~
GPIO.c(59): note: initialize the variable 'ODR' to silence this warning
   59 |                 volatile unsigned long * ODR;
      |                                             ^
      |                                              = 0
GPIO.c(18): warning: unsafe pointer arithmetic [-Wunsafe-buffer-usage]
   18 |                         CR = (volatile unsigned long *) (&GPIO_A + offset);
      |                                                          ^~~~~~~
GPIO.c(23): warning: unsafe pointer arithmetic [-Wunsafe-buffer-usage]
   23 |                         CR = (volatile unsigned long *) (&GPIO_B + offset);
      |                                                          ^~~~~~~
GPIO.c(28): warning: unsafe pointer arithmetic [-Wunsafe-buffer-usage]
   28 |                         CR = (volatile unsigned long *) (&GPIO_C + offset);
      |                                                          ^~~~~~~
GPIO.c(43): warning: unsafe pointer arithmetic [-Wunsafe-buffer-usage]
   43 |                         IDR = (volatile unsigned long *) (&GPIO_A + offset);
      |                                                           ^~~~~~~
GPIO.c(47): warning: unsafe pointer arithmetic [-Wunsafe-buffer-usage]
   47 |                         IDR = (volatile unsigned long *) (&GPIO_B + offset);
      |                                                           ^~~~~~~
GPIO.c(51): warning: unsafe pointer arithmetic [-Wunsafe-buffer-usage]
   51 |                 IDR = (volatile unsigned long *) (&GPIO_C + offset);
      |                                                   ^~~~~~~
GPIO.c(65): warning: unsafe pointer arithmetic [-Wunsafe-buffer-usage]
   65 |                         ODR = (volatile unsigned long *) (&GPIO_A + offset);
      |                                                           ^~~~~~~
GPIO.c(69): warning: unsafe pointer arithmetic [-Wunsafe-buffer-usage]
   69 |                         ODR = (volatile unsigned long *) (&GPIO_B + offset);
      |                                                           ^~~~~~~
GPIO.c(73): warning: unsafe pointer arithmetic [-Wunsafe-buffer-usage]
   73 |                 ODR = (volatile unsigned long *) (&GPIO_C + offset);
      |                                                   ^~~~~~~
17 warnings generated.
compiling GPIO.c...
main.c(1): warning: In file included from...
C:/Keil_v5/ARM/PACK/Keil/STM32F1xx_DFP/2.4.1/Device/Include\stm32f10x.h(18): warning: invalid UTF-8 in comment [-Winvalid-utf8]
   18 |   *              - To use or not the peripheral<92>s drivers in application code(i.e. 
      |                                                ^
C:/Keil_v5/ARM/PACK/Keil/STM32F1xx_DFP/2.4.1/Device/Include\stm32f10x.h(19): warning: invalid UTF-8 in comment [-Winvalid-utf8]
   19 |   *                code will be based on direct access to peripheral<92>s registers 
      |                                                                     ^
C:/Keil_v5/ARM/PACK/Keil/STM32F1xx_DFP/2.4.1/Device/Include\stm32f10x.h(26): warning: invalid UTF-8 in comment [-Winvalid-utf8]
   26 |   *           - Macros to access peripheral<92>s registers hardware
      |                                            ^
main.c(2): warning: In file included from...
./GPIO.h(42): warning: no newline at end of file [-Wnewline-eof]
   42 | void toggle_GP(unsigned short port, unsigned short pin);
      |                                                         ^
main.c(3): warning: In file included from...
./systick.h(2): warning: no newline at end of file [-Wnewline-eof]
    2 | void DelayMs(unsigned long t);
      |                               ^
main.c(4): warning: In file included from...
./uart.h(2): warning: In file included from...
./GPIO.h(42): warning: no newline at end of file [-Wnewline-eof]
   42 | void toggle_GP(unsigned short port, unsigned short pin);
      |                                                         ^
main.c(4): warning: In file included from...
./uart.h(7): warning: no newline at end of file [-Wnewline-eof]
    7 | void UART_TX(unsigned short uart,char c);
      |                                          ^
main.c(6): warning: no previous extern declaration for non-static variable 'chat' [-Wmissing-variable-declarations]
    6 | char chat;
      |      ^
main.c(6): note: declare 'static' if the variable is not intended to be used outside of this translation unit
    6 | char chat;
      | ^
8 warnings generated.
compiling main.c...
systick.c(1): warning: In file included from...
C:/Keil_v5/ARM/PACK/Keil/STM32F1xx_DFP/2.4.1/Device/Include\stm32f10x.h(18): warning: invalid UTF-8 in comment [-Winvalid-utf8]
   18 |   *              - To use or not the peripheral<92>s drivers in application code(i.e. 
      |                                                ^
C:/Keil_v5/ARM/PACK/Keil/STM32F1xx_DFP/2.4.1/Device/Include\stm32f10x.h(19): warning: invalid UTF-8 in comment [-Winvalid-utf8]
   19 |   *                code will be based on direct access to peripheral<92>s registers 
      |                                                                     ^
C:/Keil_v5/ARM/PACK/Keil/STM32F1xx_DFP/2.4.1/Device/Include\stm32f10x.h(26): warning: invalid UTF-8 in comment [-Winvalid-utf8]
   26 |   *           - Macros to access peripheral<92>s registers hardware
      |                                            ^
systick.c(2): warning: In file included from...
./systick.h(2): warning: no newline at end of file [-Wnewline-eof]
    2 | void DelayMs(unsigned long t);
      |                               ^
systick.c(19): warning: no newline at end of file [-Wnewline-eof]
   19 | }
      |  ^
5 warnings generated.
compiling systick.c...
RTE/Device/STM32F103C8/system_stm32f10x.c(65): warning: In file included from...
C:/Keil_v5/ARM/PACK/Keil/STM32F1xx_DFP/2.4.1/Device/Include\stm32f10x.h(18): warning: invalid UTF-8 in comment [-Winvalid-utf8]
   18 |   *              - To use or not the peripheral<92>s drivers in application code(i.e. 
      |                                                ^
C:/Keil_v5/ARM/PACK/Keil/STM32F1xx_DFP/2.4.1/Device/Include\stm32f10x.h(19): warning: invalid UTF-8 in comment [-Winvalid-utf8]
   19 |   *                code will be based on direct access to peripheral<92>s registers 
      |                                                                     ^
C:/Keil_v5/ARM/PACK/Keil/STM32F1xx_DFP/2.4.1/Device/Include\stm32f10x.h(26): warning: invalid UTF-8 in comment [-Winvalid-utf8]
   26 |   *           - Macros to access peripheral<92>s registers hardware
      |                                            ^
RTE/Device/STM32F103C8/system_stm32f10x.c(167): warning: no previous extern declaration for non-static variable 'AHBPrescTable' [-Wmissing-variable-declarations]
  167 | __I uint8_t AHBPrescTable[16] = {0, 0, 0, 0, 0, 0, 0, 0, 1, 2, 3, 4, 6, 7, 8, 9};
      |             ^
RTE/Device/STM32F103C8/system_stm32f10x.c(167): note: declare 'static' if the variable is not intended to be used outside of this translation unit
  167 | __I uint8_t AHBPrescTable[16] = {0, 0, 0, 0, 0, 0, 0, 0, 1, 2, 3, 4, 6, 7, 8, 9};
      |     ^
RTE/Device/STM32F103C8/system_stm32f10x.c(409): warning: unsafe buffer access [-Wunsafe-buffer-usage]
  409 |   tmp = AHBPrescTable[((RCC->CFGR & RCC_CFGR_HPRE) >> 4)];
      |         ^~~~~~~~~~~~~
5 warnings generated.
compiling system_stm32f10x.c...
uart.c(1): warning: In file included from...
./uart.h(1): warning: In file included from...
C:/Keil_v5/ARM/PACK/Keil/STM32F1xx_DFP/2.4.1/Device/Include\stm32f10x.h(18): warning: invalid UTF-8 in comment [-Winvalid-utf8]
   18 |   *              - To use or not the peripheral<92>s drivers in application code(i.e. 
      |                                                ^
C:/Keil_v5/ARM/PACK/Keil/STM32F1xx_DFP/2.4.1/Device/Include\stm32f10x.h(19): warning: invalid UTF-8 in comment [-Winvalid-utf8]
   19 |   *                code will be based on direct access to peripheral<92>s registers 
      |                                                                     ^
C:/Keil_v5/ARM/PACK/Keil/STM32F1xx_DFP/2.4.1/Device/Include\stm32f10x.h(26): warning: invalid UTF-8 in comment [-Winvalid-utf8]
   26 |   *           - Macros to access peripheral<92>s registers hardware
      |                                            ^
uart.c(1): warning: In file included from...
./uart.h(2): warning: In file included from...
./GPIO.h(42): warning: no newline at end of file [-Wnewline-eof]
   42 | void toggle_GP(unsigned short port, unsigned short pin);
      |                                                         ^
uart.c(1): warning: In file included from...
./uart.h(7): warning: no newline at end of file [-Wnewline-eof]
    7 | void UART_TX(unsigned short uart,char c);
      |                                          ^
uart.c(24): warning: implicit conversion loses integer precision: 'unsigned long' to 'uint16_t' (aka 'unsigned short') [-Wimplicit-int-conversion]
   24 |         USART1->BRR = BRR_Cal; 
      |                     ~ ^~~~~~~
uart.c(37): warning: implicit conversion loses integer precision: 'unsigned long' to 'uint16_t' (aka 'unsigned short') [-Wimplicit-int-conversion]
   37 |         USART2->BRR = BRR_Cal; 
      |                     ~ ^~~~~~~
uart.c(50): warning: implicit conversion loses integer precision: 'unsigned long' to 'uint16_t' (aka 'unsigned short') [-Wimplicit-int-conversion]
   50 |         USART3->BRR = BRR_Cal; 
      |                     ~ ^~~~~~~
uart.c(73): warning: implicit conversion turns floating-point number into integer: 'double' to 'unsigned long' [-Wfloat-conversion]
   73 |         dec = frac;
      |             ~ ^~~~
uart.c(98): warning: empty expression statement has no effect; remove unnecessary ';' to silence this warning [-Wextra-semi-stmt]
   98 |                 {};
      |                   ^
uart.c(99): warning: implicit conversion loses integer precision: 'volatile uint16_t' (aka 'volatile unsigned short') to 'char' [-Wimplicit-int-conversion]
   99 |                 c = USART1->DR;
      |                   ~ ~~~~~~~~^~
uart.c(104): warning: empty expression statement has no effect; remove unnecessary ';' to silence this warning [-Wextra-semi-stmt]
  104 |                 {};
      |                   ^
uart.c(105): warning: implicit conversion loses integer precision: 'volatile uint16_t' (aka 'volatile unsigned short') to 'char' [-Wimplicit-int-conversion]
  105 |                 c = USART2->DR;
      |                   ~ ~~~~~~~~^~
uart.c(110): warning: empty expression statement has no effect; remove unnecessary ';' to silence this warning [-Wextra-semi-stmt]
  110 |                 {};
      |                   ^
uart.c(111): warning: implicit conversion loses integer precision: 'volatile uint16_t' (aka 'volatile unsigned short') to 'char' [-Wimplicit-int-conversion]
  111 |                 c = USART3->DR;
      |                   ~ ~~~~~~~~^~
uart.c(113): warning: variable 'c' may be uninitialized when used here [-Wconditional-uninitialized]
  113 |                 return c;
      |                        ^
uart.c(94): note: initialize the variable 'c' to silence this warning
   94 |         char c;
      |               ^
      |                = '\0'
uart.c(120): warning: result of comparison of 7-bit unsigned value == 128 is always false [-Wtautological-value-range-compare]
  120 |                         while((USART1->SR & (1<<6)) == 0x80)
      |                               ~~~~~~~~~~~~~~~~~~~~~ ^  ~~~~
uart.c(121): warning: empty expression statement has no effect; remove unnecessary ';' to silence this warning [-Wextra-semi-stmt]
  121 |                         {};
      |                           ^
uart.c(126): warning: result of comparison of 7-bit unsigned value == 128 is always false [-Wtautological-value-range-compare]
  126 |                         while((USART2->SR & (1<<6)) == 0x80)
      |                               ~~~~~~~~~~~~~~~~~~~~~ ^  ~~~~
uart.c(127): warning: empty expression statement has no effect; remove unnecessary ';' to silence this warning [-Wextra-semi-stmt]
  127 |                         {};
      |                           ^
uart.c(132): warning: result of comparison of 7-bit unsigned value == 128 is always false [-Wtautological-value-range-compare]
  132 |                         while((USART3->SR & (1<<6)) == 0x80)
      |                               ~~~~~~~~~~~~~~~~~~~~~ ^  ~~~~
uart.c(133): warning: empty expression statement has no effect; remove unnecessary ';' to silence this warning [-Wextra-semi-stmt]
  133 |                         {};
      |                           ^
22 warnings generated.
compiling uart.c...
linking...
Program Size: Code=4640 RO-data=252 RW-data=0 ZI-data=1640  
".\Objects\uart.axf" - 0 Error(s), 57 Warning(s).

<h2>Software Packages used:</h2>

Package Vendor: ARM
                https://www.keil.com/pack/ARM.CMSIS.6.0.0.pack
                ARM::CMSIS@6.0.0
                CMSIS (Common Microcontroller Software Interface Standard)
   * Component: CORE Version: 6.0.0

Package Vendor: Keil
                https://www.keil.com/pack/Keil.STM32F1xx_DFP.2.4.1.pack
                Keil::STM32F1xx_DFP@2.4.1
                STMicroelectronics STM32F1 Series Device Support, Drivers and Examples
   * Component: Startup Version: 1.0.0

<h2>Collection of Component include folders:</h2>
  ./RTE/Device/STM32F103C8
  ./RTE/_Target_1
  C:/Keil_v5/ARM/PACK/ARM/CMSIS/6.0.0/CMSIS/Core/Include
  C:/Keil_v5/ARM/PACK/Keil/STM32F1xx_DFP/2.4.1/Device/Include

<h2>Collection of Component Files used:</h2>

   * Component: ARM::CMSIS:CORE@6.0.0

   * Component: Keil::Device:Startup@1.0.0
      Source file:   Device/Source/ARM/startup_stm32f10x_md.s
      Include file:  RTE_Driver/Config/RTE_Device.h
      Source file:   Device/Source/ARM/STM32F1xx_OPT.s
      Source file:   Device/Source/system_stm32f10x.c
Build Time Elapsed:  00:00:01
</pre>
</body>
</html>
