<html>
<body>
<pre>
<h1>µVision Build Log</h1>
<h2>Tool Versions:</h2>
IDE-Version: µVision V5.39.0.0
Copyright (C) 2023 ARM Ltd and ARM Germany GmbH. All rights reserved.
License Information: pragnesh papaniya , HP Inc., LIC=----
 
Tool Versions:
Toolchain:       MDK-Lite  Version: 5.39.0.0
Toolchain Path:  C:\Keil_v5\ARM\ARMCLANG\Bin
C Compiler:      ArmClang.exe V6.21
Assembler:       Armasm.exe V6.21
Linker/Locator:  ArmLink.exe V6.21
Library Manager: ArmAr.exe V6.21
Hex Converter:   FromElf.exe V6.21
CPU DLL:         SARMCM3.DLL V5.39.0.0
Dialog DLL:      DCM.DLL V1.17.5.0
Target DLL:      STLink\ST-LINKIII-KEIL_SWO.dll V3.2.0.0
Dialog DLL:      TCM.DLL V1.56.4.0
 
<h2>Project:</h2>
C:\Users\pragn\OneDrive\Desktop\GitHub\STM32F103C8T6-bluepill-_projects\learning_code\timer\timer.uvprojx
Project File Date:  05/30/2024

<h2>Output:</h2>
*** Using Compiler 'V6.21', folder: 'C:\Keil_v5\ARM\ARMCLANG\Bin'
Rebuild target 'Target 1'
msg_drive.c(1): warning: In file included from...
./msg_drive.h(1): warning: In file included from...
./uart_drive.h(1): warning: In file included from...
C:/Keil_v5/ARM/PACK/Keil/STM32F1xx_DFP/2.4.1/Device/Include\stm32f10x.h(18): warning: invalid UTF-8 in comment [-Winvalid-utf8]
   18 |   *              - To use or not the peripheral<92>s drivers in application code(i.e. 
      |                                                ^
C:/Keil_v5/ARM/PACK/Keil/STM32F1xx_DFP/2.4.1/Device/Include\stm32f10x.h(19): warning: invalid UTF-8 in comment [-Winvalid-utf8]
   19 |   *                code will be based on direct access to peripheral<92>s registers 
      |                                                                     ^
C:/Keil_v5/ARM/PACK/Keil/STM32F1xx_DFP/2.4.1/Device/Include\stm32f10x.h(26): warning: invalid UTF-8 in comment [-Winvalid-utf8]
   26 |   *           - Macros to access peripheral<92>s registers hardware
      |                                            ^
msg_drive.c(14): warning: unused parameter 'uart' [-Wunused-parameter]
   14 | void sync(char uart,char channels)
      |                ^
msg_drive.c(36): warning: array subscript is of type 'char' [-Wchar-subscripts]
   36 |                 InsertData(data[i],wip);
      |                                ^~
msg_drive.c(55): warning: array subscript is of type 'char' [-Wchar-subscripts]
   55 |                 msg_len += InsertData(data[i],wip);
      |                                           ^~
msg_drive.c(36): warning: unsafe buffer access [-Wunsafe-buffer-usage]
   36 |                 InsertData(data[i],wip);
      |                            ^~~~
msg_drive.c(55): warning: unsafe buffer access [-Wunsafe-buffer-usage]
   55 |                 msg_len += InsertData(data[i],wip);
      |                                       ^~~~
8 warnings generated.
compiling msg_drive.c...
help_func.c(128): warning: implicit conversion loses integer precision: 'int' to 'char' [-Wimplicit-int-conversion]
  128 |         lstr[cnt] = num % div + 0x30;
      |                   ~ ~~~~~~~~~~^~~~~~
help_func.c(133): warning: implicit conversion loses integer precision: 'int' to 'char' [-Wimplicit-int-conversion]
  133 |         lstr[cnt] = num + 0x30;
      |                   ~ ~~~~^~~~~~
help_func.c(6): warning: unsafe buffer access [-Wunsafe-buffer-usage]
    6 |         while(str[i] != '\0')
      |               ^~~
help_func.c(8): warning: unsafe buffer access [-Wunsafe-buffer-usage]
    8 |                 str[i] = '\0';
      |                 ^~~
help_func.c(18): warning: unsafe buffer access [-Wunsafe-buffer-usage]
   18 |                 str[i] = '\0';
      |                 ^~~
help_func.c(29): warning: unsafe buffer access [-Wunsafe-buffer-usage]
   29 |         while(str[len] != '\0')
      |               ^~~
help_func.c(50): warning: unsafe buffer access [-Wunsafe-buffer-usage]
   50 |         while((str2[i + STRlen-1] != '\0' | str2[i + STRlen] != '\0') & (match ==0))
      |                ^~~~
help_func.c(50): warning: unsafe buffer access [-Wunsafe-buffer-usage]
   50 |         while((str2[i + STRlen-1] != '\0' | str2[i + STRlen] != '\0') & (match ==0))
      |                                             ^~~~
help_func.c(54): warning: unsafe buffer access [-Wunsafe-buffer-usage]
   54 |                         if(str1[j] == str2[i+j])
      |                            ^~~~
help_func.c(54): warning: unsafe buffer access [-Wunsafe-buffer-usage]
   54 |                         if(str1[j] == str2[i+j])
      |                                       ^~~~
help_func.c(99): warning: unsafe buffer access [-Wunsafe-buffer-usage]
   99 |         while(str1[i] != '\0')
      |               ^~~~
help_func.c(101): warning: unsafe buffer access [-Wunsafe-buffer-usage]
  101 |         while(str2[j]!= '\0')
      |               ^~~~
help_func.c(103): warning: unsafe buffer access [-Wunsafe-buffer-usage]
  103 |                 str1[i+j]= str2[j];
      |                 ^~~~
help_func.c(103): warning: unsafe buffer access [-Wunsafe-buffer-usage]
  103 |                 str1[i+j]= str2[j];
      |                            ^~~~
help_func.c(128): warning: unsafe buffer access [-Wunsafe-buffer-usage]
  128 |         lstr[cnt] = num % div + 0x30;
      |         ^~~~
help_func.c(133): warning: unsafe buffer access [-Wunsafe-buffer-usage]
  133 |         lstr[cnt] = num + 0x30;
      |         ^~~~
help_func.c(138): warning: unsafe buffer access [-Wunsafe-buffer-usage]
  138 |                 lstr[cnt] = '-';
      |                 ^~~~
help_func.c(142): warning: unsafe buffer access [-Wunsafe-buffer-usage]
  142 |         str[cnt-j] = lstr[j];
      |         ^~~
help_func.c(142): warning: unsafe buffer access [-Wunsafe-buffer-usage]
  142 |         str[cnt-j] = lstr[j];
      |                      ^~~~
help_func.c(163): warning: unsafe buffer access [-Wunsafe-buffer-usage]
  163 |                 check[0] = str[j];
      |                            ^~~
help_func.c(174): warning: unsafe buffer access [-Wunsafe-buffer-usage]
  174 |                         result = result *10 + (str[j] -0x30);
      |                                                ^~~
21 warnings generated.
compiling help_func.c...
main.c(4): warning: In file included from...
./timer_drive.h(1): warning: In file included from...
C:/Keil_v5/ARM/PACK/Keil/STM32F1xx_DFP/2.4.1/Device/Include\stm32f10x.h(18): warning: invalid UTF-8 in comment [-Winvalid-utf8]
   18 |   *              - To use or not the peripheral<92>s drivers in application code(i.e. 
      |                                                ^
C:/Keil_v5/ARM/PACK/Keil/STM32F1xx_DFP/2.4.1/Device/Include\stm32f10x.h(19): warning: invalid UTF-8 in comment [-Winvalid-utf8]
   19 |   *                code will be based on direct access to peripheral<92>s registers 
      |                                                                     ^
C:/Keil_v5/ARM/PACK/Keil/STM32F1xx_DFP/2.4.1/Device/Include\stm32f10x.h(26): warning: invalid UTF-8 in comment [-Winvalid-utf8]
   26 |   *           - Macros to access peripheral<92>s registers hardware
      |                                            ^
3 warnings generated.
compiling main.c...
timer_drive.c(1): warning: In file included from...
./timer_drive.h(1): warning: In file included from...
C:/Keil_v5/ARM/PACK/Keil/STM32F1xx_DFP/2.4.1/Device/Include\stm32f10x.h(18): warning: invalid UTF-8 in comment [-Winvalid-utf8]
   18 |   *              - To use or not the peripheral<92>s drivers in application code(i.e. 
      |                                                ^
C:/Keil_v5/ARM/PACK/Keil/STM32F1xx_DFP/2.4.1/Device/Include\stm32f10x.h(19): warning: invalid UTF-8 in comment [-Winvalid-utf8]
   19 |   *                code will be based on direct access to peripheral<92>s registers 
      |                                                                     ^
C:/Keil_v5/ARM/PACK/Keil/STM32F1xx_DFP/2.4.1/Device/Include\stm32f10x.h(26): warning: invalid UTF-8 in comment [-Winvalid-utf8]
   26 |   *           - Macros to access peripheral<92>s registers hardware
      |                                            ^
timer_drive.c(28): warning: implicit conversion loses integer precision: 'int' to 'uint16_t' (aka 'unsigned short') [-Wimplicit-int-conversion]
   28 |         tim->PSC = prescaler;   
      |                  ~ ^~~~~~~~~
timer_drive.c(31): warning: implicit conversion loses integer precision: 'int' to 'uint16_t' (aka 'unsigned short') [-Wimplicit-int-conversion]
   31 |         tim->ARR = (microS-3);  
      |                  ~  ~~~~~~^~
timer_drive.c(25): warning: variable 'tim' may be uninitialized when used here [-Wconditional-uninitialized]
   25 |         tim->CNT = 0;
      |         ^~~
timer_drive.c(5): note: initialize the variable 'tim' to silence this warning
    5 |         TIM_TypeDef * tim;
      |                          ^
      |                           = 0
6 warnings generated.
compiling timer_drive.c...
gp_drive.c(1): warning: In file included from...
C:/Keil_v5/ARM/PACK/Keil/STM32F1xx_DFP/2.4.1/Device/Include\stm32f10x.h(18): warning: invalid UTF-8 in comment [-Winvalid-utf8]
   18 |   *              - To use or not the peripheral<92>s drivers in application code(i.e. 
      |                                                ^
C:/Keil_v5/ARM/PACK/Keil/STM32F1xx_DFP/2.4.1/Device/Include\stm32f10x.h(19): warning: invalid UTF-8 in comment [-Winvalid-utf8]
   19 |   *                code will be based on direct access to peripheral<92>s registers 
      |                                                                     ^
C:/Keil_v5/ARM/PACK/Keil/STM32F1xx_DFP/2.4.1/Device/Include\stm32f10x.h(26): warning: invalid UTF-8 in comment [-Winvalid-utf8]
   26 |   *           - Macros to access peripheral<92>s registers hardware
      |                                            ^
gp_drive.c(35): warning: implicit conversion changes signedness: 'int' to 'unsigned long' [-Wsign-conversion]
   35 |         *CR &= ~(0xf<<(tPin)*4);
      |             ~~ ^~~~~~~~~~~~~~~~
gp_drive.c(36): warning: implicit conversion changes signedness: 'int' to 'unsigned long' [-Wsign-conversion]
   36 |         *CR |= ((DIR<<(tPin*4)) | (OPT<<(tPin*4+2)));
      |             ~~  ~~~~~~~~~~~~~~~~^~~~~~~~~~~~~~~~~~~
gp_drive.c(29): warning: variable 'CR' is used uninitialized whenever 'if' condition is false [-Wsometimes-uninitialized]
   29 |         else if(PORT == 3)
      |                 ^~~~~~~~~
gp_drive.c(35): note: uninitialized use occurs here
   35 |         *CR &= ~(0xf<<(tPin)*4);
      |          ^~
gp_drive.c(29): note: remove the 'if' if its condition is always true
   29 |         else if(PORT == 3)
      |              ^~~~~~~~~~~~~
   30 |                 {
gp_drive.c(7): note: initialize the variable 'CR' to silence this warning
    7 |         volatile unsigned long * CR;
      |                                    ^
      |                                     = 0
gp_drive.c(57): warning: implicit conversion changes signedness: 'unsigned long' to 'int' [-Wsign-conversion]
   57 |                 state =  ((*IDR & (1<<pin))>>pin)  ;
      |                       ~   ~~~~~~~~~~~~~~~~~^~~~~
gp_drive.c(53): warning: variable 'IDR' is used uninitialized whenever 'if' condition is false [-Wsometimes-uninitialized]
   53 |         else if(PORT == 3)
      |                 ^~~~~~~~~
gp_drive.c(57): note: uninitialized use occurs here
   57 |                 state =  ((*IDR & (1<<pin))>>pin)  ;
      |                             ^~~
gp_drive.c(53): note: remove the 'if' if its condition is always true
   53 |         else if(PORT == 3)
      |              ^~~~~~~~~~~~~
   54 |                 {
gp_drive.c(41): note: initialize the variable 'IDR' to silence this warning
   41 |         volatile unsigned long * IDR;
      |                                     ^
      |                                      = 0
gp_drive.c(78): warning: implicit conversion changes signedness: 'int' to 'unsigned long' [-Wsign-conversion]
   78 |         STATUS ? (*ODR |= (STATUS<<pin)) : (*ODR &= ~(1<<pin));
      |                        ~~  ~~~~~~^~~~~
gp_drive.c(78): warning: variable 'ODR' may be uninitialized when used here [-Wconditional-uninitialized]
   78 |         STATUS ? (*ODR |= (STATUS<<pin)) : (*ODR &= ~(1<<pin));
      |                    ^~~
gp_drive.c(64): note: initialize the variable 'ODR' to silence this warning
   64 |         volatile unsigned long * ODR;
      |                                     ^
      |                                      = 0
gp_drive.c(99): warning: implicit conversion changes signedness: 'int' to 'uint32_t' (aka 'unsigned int') [-Wsign-conversion]
   99 |         STATUS ? (GPIOC->ODR |= (STATUS<<pin)) : (GPIOC->ODR &= ~(1<<pin));
      |                              ~~  ~~~~~~^~~~~
gp_drive.c(22): warning: unsafe pointer arithmetic [-Wunsafe-buffer-usage]
   22 |                         CR = (volatile unsigned long *)(&GPIO_A + offset);
      |                                                         ^~~~~~~
gp_drive.c(27): warning: unsafe pointer arithmetic [-Wunsafe-buffer-usage]
   27 |                 CR = (volatile unsigned long *)(&GPIO_B+ offset);
      |                                                 ^~~~~~~
gp_drive.c(32): warning: unsafe pointer arithmetic [-Wunsafe-buffer-usage]
   32 |                 CR = (volatile unsigned long *)(&GPIO_C + offset);
      |                                                 ^~~~~~~
gp_drive.c(47): warning: unsafe pointer arithmetic [-Wunsafe-buffer-usage]
   47 |                         IDR = (volatile unsigned long *)(&GPIO_A + offset);
      |                                                          ^~~~~~~
gp_drive.c(51): warning: unsafe pointer arithmetic [-Wunsafe-buffer-usage]
   51 |                 IDR = (volatile unsigned long *)(&GPIO_B+ offset);
      |                                                  ^~~~~~~
gp_drive.c(55): warning: unsafe pointer arithmetic [-Wunsafe-buffer-usage]
   55 |                 IDR = (volatile unsigned long *)(&GPIO_C+ offset);
      |                                                  ^~~~~~~
gp_drive.c(68): warning: unsafe pointer arithmetic [-Wunsafe-buffer-usage]
   68 |                         ODR = (volatile unsigned long *)(&GPIO_A + offset);
      |                                                          ^~~~~~~
gp_drive.c(72): warning: unsafe pointer arithmetic [-Wunsafe-buffer-usage]
   72 |                 ODR = (volatile unsigned long *)(&GPIO_B+ offset);
      |                                                  ^~~~~~~
gp_drive.c(76): warning: unsafe pointer arithmetic [-Wunsafe-buffer-usage]
   76 |                 ODR = (volatile unsigned long *)(&GPIO_C+ offset);
      |                                                  ^~~~~~~
20 warnings generated.
compiling gp_drive.c...
systick_time.c(1): warning: In file included from...
C:/Keil_v5/ARM/PACK/Keil/STM32F1xx_DFP/2.4.1/Device/Include\stm32f10x.h(18): warning: invalid UTF-8 in comment [-Winvalid-utf8]
   18 |   *              - To use or not the peripheral<92>s drivers in application code(i.e. 
      |                                                ^
C:/Keil_v5/ARM/PACK/Keil/STM32F1xx_DFP/2.4.1/Device/Include\stm32f10x.h(19): warning: invalid UTF-8 in comment [-Winvalid-utf8]
   19 |   *                code will be based on direct access to peripheral<92>s registers 
      |                                                                     ^
C:/Keil_v5/ARM/PACK/Keil/STM32F1xx_DFP/2.4.1/Device/Include\stm32f10x.h(26): warning: invalid UTF-8 in comment [-Winvalid-utf8]
   26 |   *           - Macros to access peripheral<92>s registers hardware
      |                                            ^
systick_time.c(27): warning: no previous prototype for function 'DelayMillis' [-Wmissing-prototypes]
   27 | void DelayMillis(void)
      |      ^
systick_time.c(27): note: declare 'static' if the function is not intended to be used outside of this translation unit
   27 | void DelayMillis(void)
      | ^
      | static 
systick_time.c(56): warning: unsafe buffer access [-Wunsafe-buffer-usage]
   56 |          if(uart_1_mgr[6] == 0)
      |             ^~~~~~~~~~
systick_time.c(59): warning: unsafe buffer access [-Wunsafe-buffer-usage]
   59 |                 uart_1_mgr[1] = 1;
      |                 ^~~~~~~~~~
systick_time.c(60): warning: unsafe buffer access [-Wunsafe-buffer-usage]
   60 |                 uart_1_mgr[5] = 0;
      |                 ^~~~~~~~~~
systick_time.c(65): warning: unsafe buffer access [-Wunsafe-buffer-usage]
   65 |                 uart_1_mgr[6]--;
      |                 ^~~~~~~~~~
systick_time.c(70): warning: unsafe buffer access [-Wunsafe-buffer-usage]
   70 |          if(uart_2_mgr[6] == 0)
      |             ^~~~~~~~~~
systick_time.c(73): warning: unsafe buffer access [-Wunsafe-buffer-usage]
   73 |                 uart_2_mgr[1] = 1;
      |                 ^~~~~~~~~~
systick_time.c(74): warning: unsafe buffer access [-Wunsafe-buffer-usage]
   74 |                 uart_2_mgr[5] = 0;
      |                 ^~~~~~~~~~
systick_time.c(79): warning: unsafe buffer access [-Wunsafe-buffer-usage]
   79 |                 uart_2_mgr[6]--;
      |                 ^~~~~~~~~~
systick_time.c(84): warning: unsafe buffer access [-Wunsafe-buffer-usage]
   84 |          if(uart_3_mgr[6] == 0)
      |             ^~~~~~~~~~
systick_time.c(87): warning: unsafe buffer access [-Wunsafe-buffer-usage]
   87 |                 uart_3_mgr[1] = 1;
      |                 ^~~~~~~~~~
systick_time.c(88): warning: unsafe buffer access [-Wunsafe-buffer-usage]
   88 |                 uart_3_mgr[5] = 0;
      |                 ^~~~~~~~~~
systick_time.c(93): warning: unsafe buffer access [-Wunsafe-buffer-usage]
   93 |                 uart_3_mgr[6]--;
      |                 ^~~~~~~~~~
16 warnings generated.
compiling systick_time.c...
adc_drive.c(1): warning: In file included from...
./adc_drive.h(2): warning: In file included from...
C:/Keil_v5/ARM/PACK/Keil/STM32F1xx_DFP/2.4.1/Device/Include\stm32f10x.h(18): warning: invalid UTF-8 in comment [-Winvalid-utf8]
   18 |   *              - To use or not the peripheral<92>s drivers in application code(i.e. 
      |                                                ^
C:/Keil_v5/ARM/PACK/Keil/STM32F1xx_DFP/2.4.1/Device/Include\stm32f10x.h(19): warning: invalid UTF-8 in comment [-Winvalid-utf8]
   19 |   *                code will be based on direct access to peripheral<92>s registers 
      |                                                                     ^
C:/Keil_v5/ARM/PACK/Keil/STM32F1xx_DFP/2.4.1/Device/Include\stm32f10x.h(26): warning: invalid UTF-8 in comment [-Winvalid-utf8]
   26 |   *           - Macros to access peripheral<92>s registers hardware
      |                                            ^
adc_drive.c(38): warning: implicit conversion loses integer precision: 'short' to 'char' [-Wimplicit-int-conversion]
   38 |                         channel = pin;
      |                                 ~ ^~~
adc_drive.c(46): warning: implicit conversion loses integer precision: 'int' to 'char' [-Wimplicit-int-conversion]
   46 |                 channel = 8 + pin;
      |                         ~ ~~^~~~~
adc_drive.c(54): warning: implicit conversion loses integer precision: 'int' to 'char' [-Wimplicit-int-conversion]
   54 |                 channel = 10 + pin;
      |                         ~ ~~~^~~~~
adc_drive.c(59): warning: implicit conversion changes signedness: 'short' to 'unsigned short' [-Wsign-conversion]
   59 |                 init_GP(port,pin,IN,I_AN);
      |                 ~~~~~~~      ^~~
adc_drive.c(59): warning: implicit conversion changes signedness: 'short' to 'unsigned short' [-Wsign-conversion]
   59 |                 init_GP(port,pin,IN,I_AN);
      |                 ~~~~~~~ ^~~~
adc_drive.c(64): warning: variable 'channel' may be uninitialized when used here [-Wconditional-uninitialized]
   64 |                         ADC1->SQR3 = channel;
      |                                      ^~~~~~~
adc_drive.c(31): note: initialize the variable 'channel' to silence this warning
   31 |         char channel;
      |                     ^
      |                      = '\0'
adc_drive.c(114): warning: implicit conversion changes signedness: 'volatile uint32_t' (aka 'volatile unsigned int') to 'int' [-Wsign-conversion]
  114 |                 data = ADC1->DR;
      |                      ~ ~~~~~~^~
adc_drive.c(118): warning: implicit conversion changes signedness: 'volatile uint32_t' (aka 'volatile unsigned int') to 'int' [-Wsign-conversion]
  118 |                 data = ADC2->DR;
      |                      ~ ~~~~~~^~
adc_drive.c(108): warning: unused parameter 'port' [-Wunused-parameter]
  108 | int adc_rx(char adc, short port, short pin)
      |                            ^
adc_drive.c(108): warning: unused parameter 'pin' [-Wunused-parameter]
  108 | int adc_rx(char adc, short port, short pin)
      |                                        ^
adc_drive.c(153): warning: implicit conversion changes signedness: 'short' to 'uint32_t' (aka 'unsigned int') [-Wsign-conversion]
  153 |                 ADC1->HTR = htr;
      |                           ~ ^~~
adc_drive.c(154): warning: implicit conversion changes signedness: 'short' to 'uint32_t' (aka 'unsigned int') [-Wsign-conversion]
  154 |                 ADC1->LTR = ltr;
      |                           ~ ^~~
adc_drive.c(160): warning: implicit conversion changes signedness: 'short' to 'uint32_t' (aka 'unsigned int') [-Wsign-conversion]
  160 |                 ADC2->HTR = htr;
      |                           ~ ^~~
adc_drive.c(161): warning: implicit conversion changes signedness: 'short' to 'uint32_t' (aka 'unsigned int') [-Wsign-conversion]
  161 |                 ADC2->LTR = ltr;
      |                           ~ ^~~
adc_drive.c(176): warning: array subscript is of type 'char' [-Wchar-subscripts]
  176 |                 if(adc_channels[i]<8)
      |                                ^~
adc_drive.c(178): warning: array subscript is of type 'char' [-Wchar-subscripts]
  178 |                         init_GP(PA,adc_channels[i],IN,I_AN);
      |                                                ^~
adc_drive.c(180): warning: array subscript is of type 'char' [-Wchar-subscripts]
  180 |                 else if(adc_channels[i]<10)
      |                                     ^~
adc_drive.c(182): warning: array subscript is of type 'char' [-Wchar-subscripts]
  182 |                         init_GP(PB,adc_channels[i]-8,IN,I_AN);
      |                                                ^~
adc_drive.c(184): warning: array subscript is of type 'char' [-Wchar-subscripts]
  184 |                 else if(adc_channels[i]<16)
      |                                     ^~
adc_drive.c(186): warning: array subscript is of type 'char' [-Wchar-subscripts]
  186 |                         init_GP(PC,adc_channels[i]-10,IN,I_AN);
      |                                                ^~
adc_drive.c(223): warning: implicit conversion changes signedness: 'volatile uint32_t' (aka 'volatile unsigned int') to 'int' [-Wsign-conversion]
  223 |                                 temp_rx = ADC1->DR;
      |                                         ~ ~~~~~~^~
adc_drive.c(225): warning: array subscript is of type 'char' [-Wchar-subscripts]
  225 |                                 analog_rx[i] = temp_rx ;
      |                                          ^~
adc_drive.c(230): warning: array subscript is of type 'char' [-Wchar-subscripts]
  230 |                                         ADC1->SQR3 = adc_channels[i];
      |                                                                  ^~
adc_drive.c(235): warning: array subscript is of type 'char' [-Wchar-subscripts]
  235 |                                         ADC1->SQR3 = adc_channels[i];
      |                                                                  ^~
adc_drive.c(247): warning: implicit conversion changes signedness: 'volatile uint32_t' (aka 'volatile unsigned int') to 'int' [-Wsign-conversion]
  247 |                                 temp_rx = ADC2->DR;
      |                                         ~ ~~~~~~^~
adc_drive.c(249): warning: array subscript is of type 'char' [-Wchar-subscripts]
  249 |                                 analog_rx[i] = temp_rx ;
      |                                          ^~
adc_drive.c(254): warning: array subscript is of type 'char' [-Wchar-subscripts]
  254 |                                 ADC2->SQR3 = adc_channels[i];
      |                                                          ^~
adc_drive.c(259): warning: array subscript is of type 'char' [-Wchar-subscripts]
  259 |                                 ADC2->SQR3 = adc_channels[i];
      |                                                          ^~
adc_drive.c(176): warning: unsafe buffer access [-Wunsafe-buffer-usage]
  176 |                 if(adc_channels[i]<8)
      |                    ^~~~~~~~~~~~
adc_drive.c(178): warning: unsafe buffer access [-Wunsafe-buffer-usage]
  178 |                         init_GP(PA,adc_channels[i],IN,I_AN);
      |                                    ^~~~~~~~~~~~
adc_drive.c(180): warning: unsafe buffer access [-Wunsafe-buffer-usage]
  180 |                 else if(adc_channels[i]<10)
      |                         ^~~~~~~~~~~~
adc_drive.c(182): warning: unsafe buffer access [-Wunsafe-buffer-usage]
  182 |                         init_GP(PB,adc_channels[i]-8,IN,I_AN);
      |                                    ^~~~~~~~~~~~
adc_drive.c(184): warning: unsafe buffer access [-Wunsafe-buffer-usage]
  184 |                 else if(adc_channels[i]<16)
      |                         ^~~~~~~~~~~~
adc_drive.c(186): warning: unsafe buffer access [-Wunsafe-buffer-usage]
  186 |                         init_GP(PC,adc_channels[i]-10,IN,I_AN);
      |                                    ^~~~~~~~~~~~
adc_drive.c(196): warning: unsafe buffer access [-Wunsafe-buffer-usage]
  196 |         ADC1->SQR3 = adc_channels[1];
      |                      ^~~~~~~~~~~~
adc_drive.c(206): warning: unsafe buffer access [-Wunsafe-buffer-usage]
  206 |         ADC2->SQR3 = adc_channels[1];
      |                      ^~~~~~~~~~~~
adc_drive.c(225): warning: unsafe buffer access [-Wunsafe-buffer-usage]
  225 |                                 analog_rx[i] = temp_rx ;
      |                                 ^~~~~~~~~
adc_drive.c(230): warning: unsafe buffer access [-Wunsafe-buffer-usage]
  230 |                                         ADC1->SQR3 = adc_channels[i];
      |                                                      ^~~~~~~~~~~~
adc_drive.c(235): warning: unsafe buffer access [-Wunsafe-buffer-usage]
  235 |                                         ADC1->SQR3 = adc_channels[i];
      |                                                      ^~~~~~~~~~~~
adc_drive.c(249): warning: unsafe buffer access [-Wunsafe-buffer-usage]
  249 |                                 analog_rx[i] = temp_rx ;
      |                                 ^~~~~~~~~
adc_drive.c(254): warning: unsafe buffer access [-Wunsafe-buffer-usage]
  254 |                                 ADC2->SQR3 = adc_channels[i];
      |                                              ^~~~~~~~~~~~
adc_drive.c(259): warning: unsafe buffer access [-Wunsafe-buffer-usage]
  259 |                                 ADC2->SQR3 = adc_channels[i];
      |                                              ^~~~~~~~~~~~
45 warnings generated.
compiling adc_drive.c...
uart_drive.c(1): warning: In file included from...
./uart_drive.h(1): warning: In file included from...
C:/Keil_v5/ARM/PACK/Keil/STM32F1xx_DFP/2.4.1/Device/Include\stm32f10x.h(18): warning: invalid UTF-8 in comment [-Winvalid-utf8]
   18 |   *              - To use or not the peripheral<92>s drivers in application code(i.e. 
      |                                                ^
C:/Keil_v5/ARM/PACK/Keil/STM32F1xx_DFP/2.4.1/Device/Include\stm32f10x.h(19): warning: invalid UTF-8 in comment [-Winvalid-utf8]
   19 |   *                code will be based on direct access to peripheral<92>s registers 
      |                                                                     ^
C:/Keil_v5/ARM/PACK/Keil/STM32F1xx_DFP/2.4.1/Device/Include\stm32f10x.h(26): warning: invalid UTF-8 in comment [-Winvalid-utf8]
   26 |   *           - Macros to access peripheral<92>s registers hardware
      |                                            ^
uart_drive.c(26): warning: implicit conversion loses integer precision: 'unsigned long' to 'uint16_t' (aka 'unsigned short') [-Wimplicit-int-conversion]
   26 |         USART1->BRR = BRR_Cal; 
      |                     ~ ^~~~~~~
uart_drive.c(43): warning: implicit conversion loses integer precision: 'unsigned long' to 'uint16_t' (aka 'unsigned short') [-Wimplicit-int-conversion]
   43 |         USART2->BRR = BRR_Cal; 
      |                     ~ ^~~~~~~
uart_drive.c(61): warning: implicit conversion loses integer precision: 'unsigned long' to 'uint16_t' (aka 'unsigned short') [-Wimplicit-int-conversion]
   61 |         USART3->BRR = BRR_Cal; 
      |                     ~ ^~~~~~~
uart_drive.c(86): warning: implicit conversion turns floating-point number into integer: 'double' to 'unsigned long' [-Wfloat-conversion]
   86 |         dec = frac;
      |             ~ ^~~~
uart_drive.c(112): warning: empty expression statement has no effect; remove unnecessary ';' to silence this warning [-Wextra-semi-stmt]
  112 |                 {};
      |                   ^
uart_drive.c(113): warning: implicit conversion loses integer precision: 'volatile uint16_t' (aka 'volatile unsigned short') to 'char' [-Wimplicit-int-conversion]
  113 |                 c = USART1->DR;
      |                   ~ ~~~~~~~~^~
uart_drive.c(118): warning: empty expression statement has no effect; remove unnecessary ';' to silence this warning [-Wextra-semi-stmt]
  118 |                 {};
      |                   ^
uart_drive.c(119): warning: implicit conversion loses integer precision: 'volatile uint16_t' (aka 'volatile unsigned short') to 'char' [-Wimplicit-int-conversion]
  119 |                 c = USART2->DR;
      |                   ~ ~~~~~~~~^~
uart_drive.c(124): warning: empty expression statement has no effect; remove unnecessary ';' to silence this warning [-Wextra-semi-stmt]
  124 |                 {};
      |                   ^
uart_drive.c(125): warning: implicit conversion loses integer precision: 'volatile uint16_t' (aka 'volatile unsigned short') to 'char' [-Wimplicit-int-conversion]
  125 |                 c = USART3->DR;
      |                   ~ ~~~~~~~~^~
uart_drive.c(127): warning: variable 'c' may be uninitialized when used here [-Wconditional-uninitialized]
  127 |                 return c;
      |                        ^
uart_drive.c(108): note: initialize the variable 'c' to silence this warning
  108 |         char c;
      |               ^
      |                = '\0'
uart_drive.c(135): warning: empty expression statement has no effect; remove unnecessary ';' to silence this warning [-Wextra-semi-stmt]
  135 |                         {};
      |                           ^
uart_drive.c(141): warning: empty expression statement has no effect; remove unnecessary ';' to silence this warning [-Wextra-semi-stmt]
  141 |                         {};
      |                           ^
uart_drive.c(147): warning: empty expression statement has no effect; remove unnecessary ';' to silence this warning [-Wextra-semi-stmt]
  147 |                         {};
      |                           ^
uart_drive.c(160): warning: unsafe buffer access [-Wunsafe-buffer-usage]
  160 |         if(uart_mgr[2] == 0)
      |            ^~~~~~~~
uart_drive.c(162): warning: unsafe buffer access [-Wunsafe-buffer-usage]
  162 |                         str[uart_mgr[0]] = UART_RX(uart);
      |                         ^~~
uart_drive.c(163): warning: unsafe buffer access [-Wunsafe-buffer-usage]
  163 |                         if(uart_mgr[3])
      |                            ^~~~~~~~
uart_drive.c(165): warning: unsafe buffer access [-Wunsafe-buffer-usage]
  165 |                                                 if(str[uart_mgr[0]] == uart_mgr[4])
      |                                                    ^~~
uart_drive.c(165): warning: unsafe buffer access [-Wunsafe-buffer-usage]
  165 |                                                 if(str[uart_mgr[0]] == uart_mgr[4])
      |                                                                        ^~~~~~~~
uart_drive.c(168): warning: unsafe buffer access [-Wunsafe-buffer-usage]
  168 |                                                         uart_mgr[1] = 1;
      |                                                         ^~~~~~~~
uart_drive.c(178): warning: unsafe buffer access [-Wunsafe-buffer-usage]
  178 |                                                 uart_mgr[6] = uart_mgr[5];
      |                                                 ^~~~~~~~
uart_drive.c(178): warning: unsafe buffer access [-Wunsafe-buffer-usage]
  178 |                                                 uart_mgr[6] = uart_mgr[5];
      |                                                               ^~~~~~~~
uart_drive.c(184): warning: unsafe buffer access [-Wunsafe-buffer-usage]
  184 |                 UART_TX(uart_mgr[2],UART_RX(uart));
      |                         ^~~~~~~~
uart_drive.c(191): warning: unsafe buffer access [-Wunsafe-buffer-usage]
  191 |         while(str[i] != '\0')
      |               ^~~
uart_drive.c(193): warning: unsafe buffer access [-Wunsafe-buffer-usage]
  193 |                 UART_TX(uart,str[i]);
      |                              ^~~
uart_drive.c(205): warning: unsafe buffer access [-Wunsafe-buffer-usage]
  205 |         while(str_mgr[1] == 0 & timeOut != 0)
      |               ^~~~~~~
uart_drive.c(209): warning: unsafe buffer access [-Wunsafe-buffer-usage]
  209 |         str_mgr[1] = 0;
      |         ^~~~~~~
30 warnings generated.
compiling uart_drive.c...
assembling startup_stm32f10x_md.s...
RTE/Device/STM32F103C8/system_stm32f10x.c(64): warning: In file included from...
C:/Keil_v5/ARM/PACK/Keil/STM32F1xx_DFP/2.4.1/Device/Include\stm32f10x.h(18): warning: invalid UTF-8 in comment [-Winvalid-utf8]
   18 |   *              - To use or not the peripheral<92>s drivers in application code(i.e. 
      |                                                ^
C:/Keil_v5/ARM/PACK/Keil/STM32F1xx_DFP/2.4.1/Device/Include\stm32f10x.h(19): warning: invalid UTF-8 in comment [-Winvalid-utf8]
   19 |   *                code will be based on direct access to peripheral<92>s registers 
      |                                                                     ^
C:/Keil_v5/ARM/PACK/Keil/STM32F1xx_DFP/2.4.1/Device/Include\stm32f10x.h(26): warning: invalid UTF-8 in comment [-Winvalid-utf8]
   26 |   *           - Macros to access peripheral<92>s registers hardware
      |                                            ^
RTE/Device/STM32F103C8/system_stm32f10x.c(166): warning: no previous extern declaration for non-static variable 'AHBPrescTable' [-Wmissing-variable-declarations]
  166 | __I uint8_t AHBPrescTable[16] = {0, 0, 0, 0, 0, 0, 0, 0, 1, 2, 3, 4, 6, 7, 8, 9};
      |             ^
RTE/Device/STM32F103C8/system_stm32f10x.c(166): note: declare 'static' if the variable is not intended to be used outside of this translation unit
  166 | __I uint8_t AHBPrescTable[16] = {0, 0, 0, 0, 0, 0, 0, 0, 1, 2, 3, 4, 6, 7, 8, 9};
      |     ^
RTE/Device/STM32F103C8/system_stm32f10x.c(408): warning: unsafe buffer access [-Wunsafe-buffer-usage]
  408 |   tmp = AHBPrescTable[((RCC->CFGR & RCC_CFGR_HPRE) >> 4)];
      |         ^~~~~~~~~~~~~
5 warnings generated.
compiling system_stm32f10x.c...
linking...
Program Size: Code=1704 RO-data=252 RW-data=0 ZI-data=1632  
".\Objects\timer.axf" - 0 Error(s), 154 Warning(s).

<h2>Software Packages used:</h2>

Package Vendor: ARM
                https://www.keil.com/pack/ARM.CMSIS.6.0.0.pack
                ARM::CMSIS@6.0.0
                CMSIS (Common Microcontroller Software Interface Standard)
   * Component: CORE Version: 6.0.0

Package Vendor: Keil
                https://www.keil.com/pack/Keil.STM32F1xx_DFP.2.4.1.pack
                Keil::STM32F1xx_DFP@2.4.1
                STMicroelectronics STM32F1 Series Device Support, Drivers and Examples
   * Component: Startup Version: 1.0.0

<h2>Collection of Component include folders:</h2>
  ./RTE/Device/STM32F103C8
  ./RTE/_Target_1
  C:/Keil_v5/ARM/PACK/ARM/CMSIS/6.0.0/CMSIS/Core/Include
  C:/Keil_v5/ARM/PACK/Keil/STM32F1xx_DFP/2.4.1/Device/Include

<h2>Collection of Component Files used:</h2>

   * Component: ARM::CMSIS:CORE@6.0.0

   * Component: Keil::Device:Startup@1.0.0
      Include file:  RTE_Driver/Config/RTE_Device.h
      Source file:   Device/Source/ARM/STM32F1xx_OPT.s
      Source file:   Device/Source/ARM/startup_stm32f10x_md.s
      Source file:   Device/Source/system_stm32f10x.c
Build Time Elapsed:  00:00:02
</pre>
</body>
</html>
